#######################################################################################
# log primitive debug message of FSDB dumping                                         #
# This is for R&D to analyze when there are issues happening when FSDB dump           #
#######################################################################################
ANF: vcsd_get_serial_mode_status('simv: undefined symbol: vcsd_get_serial_mode_status')
ANF: vcsd_enable_sva_success_callback('simv: undefined symbol: vcsd_enable_sva_success_callback')
ANF: vcsd_disable_sva_success_callback('simv: undefined symbol: vcsd_disable_sva_success_callback')
ANF: vcsd_get_power_scope_name('simv: undefined symbol: vcsd_get_power_scope_name')
ANF: vcsd_begin_no_value_var_info('simv: undefined symbol: vcsd_begin_no_value_var_info')
ANF: vcsd_end_no_value_var_info('simv: undefined symbol: vcsd_end_no_value_var_info')
ANF: vcsd_remove_xprop_merge_mode_callback('simv: undefined symbol: vcsd_remove_xprop_merge_mode_callback')
ANF: vhpi_get_cb_info('simv: undefined symbol: vhpi_get_cb_info')
ANF: vhpi_free_handle('simv: undefined symbol: vhpi_free_handle')
ANF: vhpi_fetch_vcsd_handle('simv: undefined symbol: vhpi_fetch_vcsd_handle')
ANF: vhpi_fetch_vpi_handle('simv: undefined symbol: vhpi_fetch_vpi_handle')
ANF: vhpi_has_verilog_parent('simv: undefined symbol: vhpi_has_verilog_parent')
ANF: vhpi_is_verilog_scope('simv: undefined symbol: vhpi_is_verilog_scope')
ANF: scsd_xprop_is_enabled('simv: undefined symbol: scsd_xprop_is_enabled')
ANF: scsd_xprop_sig_is_promoted('simv: undefined symbol: scsd_xprop_sig_is_promoted')
ANF: scsd_xprop_int_xvalue('simv: undefined symbol: scsd_xprop_int_xvalue')
ANF: scsd_xprop_bool_xvalue('simv: undefined symbol: scsd_xprop_bool_xvalue')
ANF: scsd_xprop_enum_xvalue('simv: undefined symbol: scsd_xprop_enum_xvalue')
ANF: scsd_xprop_register_merge_mode_cb('simv: undefined symbol: scsd_xprop_register_merge_mode_cb')
ANF: scsd_xprop_delete_merge_mode_cb('simv: undefined symbol: scsd_xprop_delete_merge_mode_cb')
ANF: scsd_xprop_get_merge_mode('simv: undefined symbol: scsd_xprop_get_merge_mode')
ANF: scsd_thread_get_info('simv: undefined symbol: scsd_thread_get_info')
ANF: scsd_thread_vc_init('simv: undefined symbol: scsd_thread_vc_init')
ANF: scsd_master_set_delta_sync_cbk('simv: undefined symbol: scsd_master_set_delta_sync_cbk')
ANF: scsd_fgp_get_fsdb_cores('simv: undefined symbol: scsd_fgp_get_fsdb_cores')
ANF: scsd_fgp_get_is_cpu_affinity_disabled('simv: undefined symbol: scsd_fgp_get_is_cpu_affinity_disabled')
ANF: vhdi_dt_get_type('simv: undefined symbol: vhdi_dt_get_type')
ANF: vhdi_dt_get_key('simv: undefined symbol: vhdi_dt_get_key')
ANF: vhdi_dt_get_vhdl_enum_info('simv: undefined symbol: vhdi_dt_get_vhdl_enum_info')
ANF: vhdi_dt_get_vhdl_physical_info('simv: undefined symbol: vhdi_dt_get_vhdl_physical_info')
ANF: vhdi_dt_get_vhdl_array_info('simv: undefined symbol: vhdi_dt_get_vhdl_array_info')
ANF: vhdi_dt_get_vhdl_record_info('simv: undefined symbol: vhdi_dt_get_vhdl_record_info')
ANF: vhdi_def_traverse_module('simv: undefined symbol: vhdi_def_traverse_module')
ANF: vhdi_def_traverse_scope('simv: undefined symbol: vhdi_def_traverse_scope')
ANF: vhdi_def_traverse_variable('simv: undefined symbol: vhdi_def_traverse_variable')
ANF: vhdi_def_get_module_id_by_vhpi('simv: undefined symbol: vhdi_def_get_module_id_by_vhpi')
ANF: vhdi_def_get_handle_by_module_id('simv: undefined symbol: vhdi_def_get_handle_by_module_id')
ANF: vhdi_def_get_variable_info_by_vhpi('simv: undefined symbol: vhdi_def_get_variable_info_by_vhpi')
ANF: vhdi_def_free('simv: undefined symbol: vhdi_def_free')
ANF: vhdi_ist_traverse_scope('simv: undefined symbol: vhdi_ist_traverse_scope')
ANF: vhdi_ist_traverse_variable('simv: undefined symbol: vhdi_ist_traverse_variable')
ANF: vhdi_ist_convert_by_vhpi('simv: undefined symbol: vhdi_ist_convert_by_vhpi')
ANF: vhdi_ist_clone('simv: undefined symbol: vhdi_ist_clone')
ANF: vhdi_ist_free('simv: undefined symbol: vhdi_ist_free')
ANF: vhdi_ist_hash_key('simv: undefined symbol: vhdi_ist_hash_key')
ANF: vhdi_ist_compare('simv: undefined symbol: vhdi_ist_compare')
ANF: vhdi_ist_get_value_addr('simv: undefined symbol: vhdi_ist_get_value_addr')
ANF: vhdi_set_scsd_callback('simv: undefined symbol: vhdi_set_scsd_callback')
ANF: vhdi_cbk_set_force_callback('simv: undefined symbol: vhdi_cbk_set_force_callback')
ANF: vhdi_trigger_init_force('simv: undefined symbol: vhdi_trigger_init_force')
ANF: vhdi_ist_check_scsd_callback('simv: undefined symbol: vhdi_ist_check_scsd_callback')
ANF: vhdi_ist_add_scsd_callback('simv: undefined symbol: vhdi_ist_add_scsd_callback')
ANF: vhdi_ist_remove_scsd_callback('simv: undefined symbol: vhdi_ist_remove_scsd_callback')
ANF: vhdi_ist_get_scsd_user_data('simv: undefined symbol: vhdi_ist_get_scsd_user_data')
ANF: vhdi_add_time_change_callback('simv: undefined symbol: vhdi_add_time_change_callback')
ANF: vhdi_get_real_value_by_value_addr('simv: undefined symbol: vhdi_get_real_value_by_value_addr')
ANF: vhdi_get_64_value_by_value_addr('simv: undefined symbol: vhdi_get_64_value_by_value_addr')
ANF: vhdi_xprop_inst_is_promoted('simv: undefined symbol: vhdi_xprop_inst_is_promoted')
ANF: vdi_ist_convert_by_vhdi('simv: undefined symbol: vdi_ist_convert_by_vhdi')
ANF: vhdi_ist_get_module_id('simv: undefined symbol: vhdi_ist_get_module_id')
ANF: vhdi_refine_foreign_scope_type('simv: undefined symbol: vhdi_refine_foreign_scope_type')
ANF: vhdi_flush_callback('simv: undefined symbol: vhdi_flush_callback')
ANF: vhdi_set_orig_name('simv: undefined symbol: vhdi_set_orig_name')
ANF: vhdi_set_dump_pt('simv: undefined symbol: vhdi_set_dump_pt')
ANF: vhdi_get_fsdb_option('simv: undefined symbol: vhdi_get_fsdb_option')
ANF: vhdi_fgp_get_mode('simv: undefined symbol: vhdi_fgp_get_mode')
ANF: vhdi_node_register_composite_var('simv: undefined symbol: vhdi_node_register_composite_var')
ANF: vhdi_node_analysis('simv: undefined symbol: vhdi_node_analysis')
ANF: vhdi_node_id('simv: undefined symbol: vhdi_node_id')
ANF: vhdi_node_ist_check_scsd_callback('simv: undefined symbol: vhdi_node_ist_check_scsd_callback')
ANF: vhdi_node_ist_add_scsd_callback('simv: undefined symbol: vhdi_node_ist_add_scsd_callback')
ANF: vhdi_node_ist_get_value_addr('simv: undefined symbol: vhdi_node_ist_get_value_addr')
ANF: vhdi_enc_def_traverse_module('simv: undefined symbol: vhdi_enc_def_traverse_module')
ANF: vhdi_enc_def_traverse_scope('simv: undefined symbol: vhdi_enc_def_traverse_scope')
ANF: vhdi_enc_def_traverse_variable('simv: undefined symbol: vhdi_enc_def_traverse_variable')
ANF: vhdi_enc_ist_traverse_scope('simv: undefined symbol: vhdi_enc_ist_traverse_scope')
ANF: vhdi_enc_ist_traverse_variable('simv: undefined symbol: vhdi_enc_ist_traverse_variable')
ANF: vhdi_enc_ist_get_module_id('simv: undefined symbol: vhdi_enc_ist_get_module_id')
ANF: vhdi_enc_def_get_handle_by_module_id('simv: undefined symbol: vhdi_enc_def_get_handle_by_module_id')
VCS compile option:
 option[0]: simv
 option[1]: +define+PERIOD=5
 option[2]: /usr/cad/synopsys/vcs/cur/linux64/bin/vcs1
 option[3]: -Mcc=gcc
 option[4]: -Mcplusplus=g++
 option[5]: -Masflags=
 option[6]: -Mcfl= -pipe -fPIC -O -I/usr/cad/synopsys/vcs/cur/include 
 option[7]: -Mxllcflags=
 option[8]: -Mxcflags= -pipe -fPIC -I/usr/cad/synopsys/vcs/cur/include
 option[9]: -Mldflags= -rdynamic 
 option[10]: -Mout=simv
 option[11]: -Mamsrun=
 option[12]: -Mvcsaceobjs=
 option[13]: -Mobjects= /usr/cad/synopsys/vcs/cur/linux64/lib/libvirsim.so /usr/cad/synopsys/vcs/cur/linux64/lib/liberrorinf.so /usr/cad/synopsys/vcs/cur/linux64/lib/libsnpsmalloc.so /usr/cad/synopsys/vcs/cur/linux64/lib/libvfs.so 
 option[14]: -Mexternalobj=
 option[15]: -Msaverestoreobj=/usr/cad/synopsys/vcs/cur/linux64/lib/vcs_save_restore_new.o
 option[16]: -Mcrt0=
 option[17]: -Mcrtn=
 option[18]: -Mcsrc=
 option[19]: -Msyslibs=-ldl -lm 
 option[20]: -Xvcs_run_simv=1
 option[21]: -full64
 option[22]: +define+PERIOD=5
 option[23]: -P
 option[24]: /usr/cad/synopsys/verdi/cur/share/PLI/VCS/LINUX64/novas.tab
 option[25]: -picarchive
 option[26]: -gen_obj
 option[27]: -f
 option[28]: rtl_sim.f
Chronologic Simulation VCS Release S-2021.09_Full64
Linux 3.10.0-1160.62.1.el7.x86_64 #1 SMP Tue Apr 5 16:57:59 UTC 2022 x86_64
CPU cores: 128
Limit information:
======================================
cputime		unlimited
filesize		unlimited
datasize		unlimited
stacksize		8193 kbytes
coredumpsize		0 kbytes
memoryuse		unlimited
vmemoryuse		unlimited
descriptors		4096
memorylocked		64 kbytes
maxproc		4096
======================================
(Special)Runtime environment variables:

Runtime environment variables:
REMOTEHOST=192.168.10.5
MANPATH=/usr/cad/synopsys/synthesis/cur/doc/syn/man
XDG_SESSION_ID=33667
HOSTNAME=cad46
UNAME=/bin/uname
SELINUX_ROLE_REQUESTED=
SCRNAME=vcs
VCS_DEPTH=0
TERM=xterm
SHELL=/bin/bash
HOST=cad46
HISTSIZE=1000
SSH_CLIENT=192.168.10.5 61045 30101
PERL5LIB=/home/MingKe/perl5/lib/perl5:
SELINUX_USE_CURRENT_RANGE=
QTDIR=/usr/lib64/qt-3.3
QTINC=/usr/lib64/qt-3.3/include
PERL_MB_OPT=--install_base /home/MingKe/perl5
SSH_TTY=/dev/pts/5
LC_ALL=C
SG_HTML_BROWSER=/usr/bin/mozilla
SNPS_VCS_INTERNAL_ROOT_PID=3247596
QT_GRAPHICSSYSTEM_CHECKED=1
USER=MingKe
GROUP=DCSLab
LS_COLORS=rs=0:di=01;34:ln=01;36:mh=00:pi=40;33:so=01;35:do=01;35:bd=40;33;01:cd=40;33;01:or=40;31;01:mi=01;05;37;41:su=37;41:sg=30;43:ca=30;41:tw=30;42:ow=34;42:st=37;44:ex=01;32:*.tar=01;31:*.tgz=01;31:*.arc=01;31:*.arj=01;31:*.taz=01;31:*.lha=01;31:*.lz4=01;31:*.lzh=01;31:*.lzma=01;31:*.tlz=01;31:*.txz=01;31:*.tzo=01;31:*.t7z=01;31:*.zip=01;31:*.z=01;31:*.Z=01;31:*.dz=01;31:*.gz=01;31:*.lrz=01;31:*.lz=01;31:*.lzo=01;31:*.xz=01;31:*.bz2=01;31:*.bz=01;31:*.tbz=01;31:*.tbz2=01;31:*.tz=01;31:*.deb=01;31:*.rpm=01;31:*.jar=01;31:*.war=01;31:*.ear=01;31:*.sar=01;31:*.rar=01;31:*.alz=01;31:*.ace=01;31:*.zoo=01;31:*.cpio=01;31:*.7z=01;31:*.rz=01;31:*.cab=01;31:*.jpg=01;35:*.jpeg=01;35:*.gif=01;35:*.bmp=01;35:*.pbm=01;35:*.pgm=01;35:*.ppm=01;35:*.tga=01;35:*.xbm=01;35:*.xpm=01;35:*.tif=01;35:*.tiff=01;35:*.png=01;35:*.svg=01;35:*.svgz=01;35:*.mng=01;35:*.pcx=01;35:*.mov=01;35:*.mpg=01;35:*.mpeg=01;35:*.m2v=01;35:*.mkv=01;35:*.webm=01;35:*.ogm=01;35:*.mp4=01;35:*.m4v=01;35:*.mp4v=01;35:*.vob=01;35:*.qt=01;35:*.nuv=01;35:*.wmv=01;35:*.asf=01;35:*.rm=01;35:*.rmvb=01;35:*.flc=01;35:*.avi=01;35:*.fli=01;35:*.flv=01;35:*.gl=01;35:*.dl=01;35:*.xcf=01;35:*.xwd=01;35:*.yuv=01;35:*.cgm=01;35:*.emf=01;35:*.axv=01;35:*.anx=01;35:*.ogv=01;35:*.ogx=01;35:*.aac=01;36:*.au=01;36:*.flac=01;36:*.mid=01;36:*.midi=01;36:*.mka=01;36:*.mp3=01;36:*.mpc=01;36:*.ogg=01;36:*.ra=01;36:*.wav=01;36:*.axa=01;36:*.oga=01;36:*.spx=01;36:*.xspf=01;36:
LD_LIBRARY_PATH=/usr/cad/synopsys/vcs/cur/lib:/usr/cad/synopsys/vcs/cur/linux64/lib:/usr/cad/synopsys/verdi/cur/etc/lib/libstdc++/LINUX64/:/usr/cad/synopsys/verdi/cur/share/PLI/IUS/LINUX64/://usr/cad/cadence/INNOVUS/INNOVUS_20.10.000/tools/lib/64bit:/usr/cad/cadence/INNOVUS/INNOVUS_20.10.000/tools/lib64:/usr/cad/cadence/INNOVUS/INNOVUS_20.10.000/tools/lib::/usr/cad/synopsys/verdi/cur/share/PLI/VCS/LINUX64
SCRIPT_NAME=vcs
VCS_MX_HOME_INTERNAL=1
HOSTTYPE=x86_64-linux
SNPS_VCS_CLANG_PATH=/usr/cad/synopsys/vcs/cur/linux64/clang
OVA_UUM=0
VCS_MODE_FLAG=64
MAIL=/var/spool/mail/MingKe
PATH=.:/usr/cad/synopsys/vcs/cur/bin:/usr/cad/synopsys/vcs/cur/linux/bin:/usr/cad/synopsys/vcs/cur/linux/util:/usr/cad/synopsys/vcs/cur/linux/flexlm:/usr/bin/X11:/usr/cad/synopsys/primetime/cur/amd64/syn/bin:/usr/cad/synopsys/spyglass/cur/SPYGLASS_HOME/bin:/usr/bin/X11:/usr/cad/synopsys/coreConsultant/cur/bin:/usr/cad/synopsys/synthesis/cur/amd64/syn/bin:/usr/cad/synopsys/lc/cur/bin:/usr/cad/synopsys/verdi/cur/bin:/usr/cad/synopsys/verdi/cur/nLint/bin:/usr/cad/cadence/INNOVUS/INNOVUS_20.10.000/tools/bin/64bit:/usr/cad/cadence/INNOVUS/INNOVUS_20.10.000/tools/bin:/tools/Xilinx/Vitis_HLS/2023.2/bin:/tools/Xilinx/Vivado/2023.2/bin:/tools/Xilinx/Model_Composer/2023.2/bin:/tools/Xilinx/Vitis/2023.2/bin:/tools/Xilinx/Vitis/2023.2/gnu/microblaze/lin/bin:/tools/Xilinx/Vitis/2023.2/gnu/microblaze/linux_toolchain/lin64_le/bin:/tools/Xilinx/Vitis/2023.2/gnu/aarch32/lin/gcc-arm-linux-gnueabi/bin:/tools/Xilinx/Vitis/2023.2/gnu/aarch32/lin/gcc-arm-none-eabi/bin:/tools/Xilinx/Vitis/2023.2/gnu/aarch64/lin/aarch64-linux/bin:/tools/Xilinx/Vitis/2023.2/gnu/aarch64/lin/aarch64-none/bin:/tools/Xilinx/Vitis/2023.2/gnu/armr5/lin/gcc-arm-none-eabi/bin:/tools/Xilinx/Vitis/2023.2/tps/lnx64/cmake-3.3.2/bin:/tools/Xilinx/Vitis/2023.2/aietools/bin:/tools/Xilinx/Vitis/2023.2/gnu/riscv/lin/riscv64-unknown-elf/bin:/tools/Xilinx/DocNav:/usr/lib64/qt-3.3/bin:/home/MingKe/perl5/bin:/usr/lib64/ccache:/usr/local/bin:/usr/bin:/usr/local/sbin:/usr/sbin:/home/MingKe/.local/bin:/home/MingKe/bin
XILINX_VITIS=/tools/Xilinx/Vitis/2023.2
SNPS_VCS_INTERNAL_CURR_PID=3247596
PWD=/home/MingKe/NTU_DCIC_2024/01_RTL
VCS_HOME=/usr/cad/synopsys/vcs/cur
SNPS_VCS_INTERNAL_MEMPRELOAD_USE_LIBC=1
EDITOR=/usr/bin/vim
LANG=en_US.UTF-8
KDEDIRS=/usr
SYNTHESIS=/usr/cad/synopsys/synthesis/cur
VMR_MODE_FLAG=64
XILINX_HLS=/tools/Xilinx/Vitis_HLS/2023.2
SELINUX_LEVEL_REQUESTED=
VCS_CC=gcc
XILINX_VIVADO=/tools/Xilinx/Vivado/2023.2
LM_LICENSE_FILE=26585@lshc:5280@lshc
PRIMETIME=/usr/cad/synopsys/primetime/cur
HISTCONTROL=ignoredups
VCS_ARG_ADDED_FOR_TMP=1
SNPS_VCS_TMPDIR=/tmp/vcs_20241219043608_3247596
PERL_HOMEDIR=1
RISCV=/home/MingKe/lab/riscv
SHLVL=4
HOME=/home/MingKe
OSTYPE=linux
VCS_COM=/usr/cad/synopsys/vcs/cur/linux64/bin/vcs1
PERL_LOCAL_LIB_ROOT=:/home/MingKe/perl5
VENDOR=unknown
LOGNAME=MingKe
MACHTYPE=x86_64
QTLIB=/usr/lib64/qt-3.3/lib
SNPS_VCS_INTERNAL_ROOT_START_TIME=1734582968.984568720
SSH_CONNECTION=192.168.10.5 61045 192.168.1.201 30101
LESSOPEN=||/usr/bin/lesspipe.sh %s
SHLIB_PATH=/usr/cad/synopsys/verdi/cur/etc/lib/libstdc++/LINUX64/
sysc_uni_pwd=/home/MingKe/NTU_DCIC_2024/01_RTL
XDG_RUNTIME_DIR=/run/user/2012
DISPLAY=192.168.1.201:14.0
VCS_ARCH=linux64
QT_PLUGIN_PATH=/usr/lib64/kde4/plugins:/usr/lib/kde4/plugins
SYN_MAN_DIR=/usr/cad/synopsys/synthesis/cur/doc/syn/man
TOOL_HOME=/usr/cad/synopsys/vcs/cur/linux64
PERL_MM_OPT=INSTALL_BASE=/home/MingKe/perl5
_=./simv
VCS_PATHMAP_PRELOAD_DONE=1
VCS_EXEC_DONE=1
DVE=/usr/cad/synopsys/vcs/cur/gui/dve
SPECMAN_OUTPUT_TO_TTY=1
FLEXLM_BORROWFILE=/home/MingKe/.cad46-borrow.txt
Runtime command line arguments:
argv[0]=simv
argv[1]=+define+PERIOD=5
218 profile - 100
          CPU/Mem usage: 0.030 sys,  0.180 user,  256.59M mem
219 Elapsed time:    0:00:08    Thu Dec 19 12:36:40 2024
220 User CPU time used: 0 seconds
221 System CPU time used: 0 seconds
222 pliAppInit
223 [SC]Init: MemoryConsumed=0.00MB ElapsedTime=0hour 0min. 0sec.
224 FSDB_GATE is set.
225 FSDB_RTL is set.
226 FSDB_FIELDTYPE is set.
227 FSDB_ALIAS_ARRAY_ELEM is set to 4294967295.
228 Enable Parallel Dumping.
229 pliAppMiscSet: New Sim Round
230 pliEntryInit
231 LIBSSCORE=found /usr/cad/synopsys/verdi/cur/share/PLI/VCS/LINUX64/libsscore_vcs202109.so through $LD_LIBRARY_PATH setting.
232 FSDB Dumper for VCS, Release Verdi_S-2021.09, Linux x86_64/64bit, 08/29/2021
233 (C) 1996 - 2021 by Synopsys, Inc.
234 sps_call_fsdbDumpfile_main at 0 : ../00_TESTBED/testbed.v(76)
235 argv[0]: (MIMO_detector.fsdb)
236 *Verdi* FSDB WARNING: The FSDB file already exists. Overwriting the FSDB file may crash the programs that are using this file.
237 *Verdi* : Create FSDB file 'MIMO_detector.fsdb'
238 [spi_vcs_vd_ppi_create_root]: no upf option
239 compile option from '/home/MingKe/NTU_DCIC_2024/01_RTL/simv.daidir/vcs_rebuild'.
240   "vcs '-R' '-full64' '-f' 'rtl_sim.f' '+define+PERIOD=5' '-P' '/usr/cad/synopsys/verdi/cur/share/PLI/VCS/LINUX64/novas.tab' 2>&1"
241 DVDI_is_vir_unload_enabled is enable
242 FSDB_VCS_ENABLE_NATIVE_VC is enable
243 sps_call_fsdbDumpvars_vd_main at 0 : ../00_TESTBED/testbed.v(77)
244 argv[0]: (0)
245 argv[1]: (handle) testbench
246 argv[2]: (+mda)
247 *Verdi* : Begin traversing the scope (testbench), layer (0).
248 *Verdi* : Enable +mda dumping.
249 *Verdi* : End of traversing.
250 pliAppHDL_DumpVarComplete traverse var: profile - 
          CPU/Mem usage: 0.030 sys,  0.190 user,  356.14M mem
                   incr: 0.000 sys,  0.010 user,  7.22M mem
                   accu: 0.000 sys,  0.010 user,  7.22M mem
              accu incr: 0.000 sys,  0.010 user,  7.22M mem

          Count usage: 267 var,  245 idcode,  113 callback
                 incr: 267 var,  245 idcode,  113 callback
                 accu: 267 var,  245 idcode,  113 callback
            accu incr: 267 var,  245 idcode,  113 callback
251 Elapsed time:    0:00:09    Thu Dec 19 12:36:41 2024
252 User CPU time used: 0 seconds
253 System CPU time used: 0 seconds
254 pliAppHDL_DumpVarComplete: profile - 
          CPU/Mem usage: 0.030 sys,  0.190 user,  357.20M mem
                   incr: 0.000 sys,  0.000 user,  1.05M mem
                   accu: 0.000 sys,  0.010 user,  8.27M mem
              accu incr: 0.000 sys,  0.000 user,  1.05M mem

          Count usage: 267 var,  245 idcode,  113 callback
                 incr: 0 var,  0 idcode,  0 callback
                 accu: 267 var,  245 idcode,  113 callback
            accu incr: 0 var,  0 idcode,  0 callback
255 Elapsed time:    0:00:09    Thu Dec 19 12:36:41 2024
256 User CPU time used: 0 seconds
257 System CPU time used: 0 seconds
258 End of simulation at 22237500
259 Memory usage: 435.864 M
260 Maximum resident set size: 85 MB
261 Hard page faults: 2
262 Soft page faults: 28729
263 Elapsed time:    0:00:09    Thu Dec 19 12:36:41 2024
264 User CPU time used: 0 seconds
265 System CPU time used: 0 seconds
266 Begin FSDB profile info:
267 FSDB Writer : bc1(117417) bcn(621764) mtf/stf(0/0)
FSDB Writer elapsed time : flush(0.036806) io wait(0.000000) theadpool wait(0.000000)
FSDB Writer cpu time : MT Compression : 0
268 End FSDB profile info
269 FSDB closed. Name: MIMO_detector.fsdb Size: 207229
270 Parallel profile     - ProducerThread:1 ConsumerThread:1 Buffer:64MB
271                      - BlockUsed:8 Acquire:827964 BufferUsed:12908421
272                      - Flush:3 Expand:0 ProducerWait:0 ConsumerWait:6
273                      - MainProducerTime:0.371194144 TotalConsumerTime:0.040945147
274                      - ElapsedTime:0.296721000
275 Producer   0 profile - BlockUsed:8 Acquire:827964 BufferUsed:12908421
276 Consumer   0 profile - Affinity:-1 CPUTime:0.040945147 LifeTime:0.091750337 (0.45%)
277                      - BlockUsed:8 Acquire:827964 BufferUsed:12908421
278 SimExit
279 Elapsed time:    0:00:09    Thu Dec 19 12:36:41 2024
280 User CPU time used: 0 seconds
281 System CPU time used: 0 seconds
282 Sim process exit
