*** Using c compiler gcc instead of cc ...
                         Chronologic VCS (TM)
         Version S-2021.09_Full64 -- Thu Dec 19 12:36:09 2024

                    Copyright (c) 1991 - 2021 Synopsys, Inc.
   This software and the associated documentation are proprietary to Synopsys,
 Inc. This software may only be used in accordance with the terms and conditions
 of a written license agreement with Synopsys, Inc. All other use, reproduction,
   or distribution of this software is strictly prohibited.  Licensed Products
     communicate with Synopsys servers for the purpose of providing software
    updates, detecting software piracy and verifying that customers are using
    Licensed Products in conformity with the applicable License Key for such
  Licensed Products. Synopsys will use information gathered in connection with
    this process to deliver software updates and pursue software pirates and
                                   infringers.

 Inclusivity & Diversity - Visit SolvNetPlus to read the "Synopsys Statement on
            Inclusivity and Diversity" (Refer to article 000036315 at
                        https://solvnetplus.synopsys.com)

Parsing design file '../00_TESTBED/testbed.v'
Parsing design file './MIMO_detector.v'
Parsing design file './complex_multiply.v'
Top Level Modules:
       testbench
TimeScale is 1 ns / 10 ps
Starting vcs inline pass...

2 modules and 0 UDP read.
recompiling module testbench
	However, due to incremental compilation, only 1 module needs to be compiled. 
make: Warning: File `filelist.cu' has modification time 303 s in the future
make[1]: Warning: File `filelist.cu' has modification time 303 s in the future
rm -f _cuarc*.so _csrc*.so pre_vcsobj_*.so share_vcsobj_*.so
make[1]: warning:  Clock skew detected.  Your build may be incomplete.
make[1]: Warning: File `filelist.cu' has modification time 303 s in the future
ld -shared  -Bsymbolic   -o .//../simv.daidir//_cuarc0.so objs/amcQw_d.o 
rm -f _cuarc0.so
make[1]: warning:  Clock skew detected.  Your build may be incomplete.
if [ -x ../simv ]; then chmod a-x ../simv; fi
g++  -o ../simv      -rdynamic  -Wl,-rpath='$ORIGIN'/simv.daidir -Wl,-rpath=./simv.daidir -Wl,-rpath=/usr/cad/synopsys/vcs/cur/linux64/lib -L/usr/cad/synopsys/vcs/cur/linux64/lib  -Wl,-rpath-link=./ -Wl,--no-as-needed     _3247862_archive_1.so _prev_archive_1.so _cuarc0.so  SIM_l.o       rmapats_mop.o rmapats.o rmar.o rmar_nd.o  rmar_llvm_0_1.o rmar_llvm_0_0.o           -lnuma -lvirsim -lerrorinf -lsnpsmalloc -lvfs /usr/cad/synopsys/verdi/cur/share/PLI/VCS/LINUX64/pli.a    -lvcsnew -lsimprofile -luclinative /usr/cad/synopsys/vcs/cur/linux64/lib/vcs_tls.o   -Wl,-whole-archive  -lvcsucli    -Wl,-no-whole-archive        _vcs_pli_stub_.o   /usr/cad/synopsys/vcs/cur/linux64/lib/vcs_save_restore_new.o -ldl -lm  -lc -lpthread -ldl 
../simv up to date
make: warning:  Clock skew detected.  Your build may be incomplete.
Notice: timing checks disabled with +notimingcheck at compile-time
Chronologic VCS simulator copyright 1991-2021
Contains Synopsys proprietary information.
Compiler version S-2021.09_Full64; Runtime version S-2021.09_Full64;  Dec 19 12:36 2024
*Verdi* Loading libsscore_vcs202109.so
FSDB Dumper for VCS, Release Verdi_S-2021.09, Linux x86_64/64bit, 08/29/2021
(C) 1996 - 2021 by Synopsys, Inc.
*Verdi* FSDB WARNING: The FSDB file already exists. Overwriting the FSDB file may crash the programs that are using this file.
*Verdi* : Create FSDB file 'MIMO_detector.fsdb'
*Verdi* : Begin traversing the scope (testbench), layer (0).
*Verdi* : Enable +mda dumping.
*Verdi* : End of traversing.
Test[          0]: Data out=5 0 0 2 
Test[          1]: Data out=5 1 5 2 
Test[          2]: Data out=6 1 1 6 
Test[          3]: Data out=2 2 7 6 
Test[          4]: Data out=3 1 4 0 
Test[          5]: Data out=6 7 1 1 
Test[          6]: Data out=6 7 2 2 
Test[          7]: Data out=4 2 7 2 
Test[          8]: Data out=5 5 5 6 
Test[          9]: Data out=6 3 3 6 
Test[         10]: Data out=3 6 3 0 
----------------------------------------------
-                 ALL PASS!                  -
----------------------------------------------
Simulation Cycle:  44471, Time:   222355.00 ns
$finish called from file "../00_TESTBED/testbed.v", line 175.
$finish at simulation time             22237500
           V C S   S i m u l a t i o n   R e p o r t 
Time: 222375000 ps
CPU Time:      0.400 seconds;       Data structure size:   0.0Mb
Thu Dec 19 12:36:41 2024
CPU time: .321 seconds to compile + .228 seconds to elab + .129 seconds to link + .429 seconds in simulation
