
                           Design Compiler Graphical 
                                 DC Ultra (TM)
                                  DFTMAX (TM)
                              Power Compiler (TM)
                                 DesignWare (R)
                                 DC Expert (TM)
                               Design Vision (TM)
                               HDL Compiler (TM)
                               VHDL Compiler (TM)
                                  DFT Compiler
                               Design Compiler(R)

               Version S-2021.06-SP2 for linux64 - Aug 24, 2021 

                    Copyright (c) 1988 - 2021 Synopsys, Inc.
   This software and the associated documentation are proprietary to Synopsys,
 Inc. This software may only be used in accordance with the terms and conditions
 of a written license agreement with Synopsys, Inc. All other use, reproduction,
   or distribution of this software is strictly prohibited.  Licensed Products
     communicate with Synopsys servers for the purpose of providing software
    updates, detecting software piracy and verifying that customers are using
    Licensed Products in conformity with the applicable License Key for such
  Licensed Products. Synopsys will use information gathered in connection with
    this process to deliver software updates and pursue software pirates and
                                   infringers.

 Inclusivity & Diversity - Visit SolvNetPlus to read the "Synopsys Statement on
            Inclusivity and Diversity" (Refer to article 000036315 at
                        https://solvnetplus.synopsys.com)
Initializing...
# Setting environment
sh mkdir -p Netlist
sh mkdir -p Report
define_design_lib work -path ./work
1
set company {NTUGIEE}
NTUGIEE
set designer {Student}
Student
set search_path      ". /home/MingKe/CBDK_IC_Contest_v2.1/SynopsysDC/db/  $search_path ../ ./"
. /home/MingKe/CBDK_IC_Contest_v2.1/SynopsysDC/db/  . /usr/cad/synopsys/synthesis/cur/libraries/syn /usr/cad/synopsys/synthesis/cur/dw/syn_ver /usr/cad/synopsys/synthesis/cur/dw/sim_ver ../ ./
set target_library   "slow.db "               
slow.db 
set link_library     "* $target_library dw_foundation.sldb"
* slow.db  dw_foundation.sldb
set symbol_library   "tsmc13.sdb generic.sdb"
tsmc13.sdb generic.sdb
set synthetic_library "dw_foundation.sldb"
dw_foundation.sldb
set default_schematic_options {-size infinite}
-size infinite
# Import Design
set DESIGN "ed25519"
ed25519
set hdlin_translate_off_skip_text "TRUE"
Information: Variable 'hdlin_translate_off_skip_text' is obsolete and is being ignored. (INFO-100)
TRUE
set edifout_netlist_only "TRUE"
TRUE
set verilogout_no_tri true
true
set hdlin_enable_presto_for_vhdl "TRUE"
Information: Variable 'hdlin_enable_presto_for_vhdl' is obsolete and is being ignored. (INFO-100)
Information: Variable 'hdlin_enable_presto_for_vhdl' is obsolete and is being ignored. (INFO-100)
TRUE
set sh_enable_line_editing true
true
set sh_line_editing_mode emacs
emacs
history keep 100
100
alias h history
#read_file -format sverilog  "../01_RTL/ed25519.sv"
read_file -format sverilog "./flist.sv"
Loading db file '/home/MingKe/CBDK_IC_Contest_v2.1/SynopsysDC/db/slow.db'
Loading db file '/usr/cad/synopsys/synthesis/cur/libraries/syn/dw_foundation.sldb'
Loading db file '/usr/cad/synopsys/synthesis/cur/libraries/syn/gtech.db'
Loading db file '/usr/cad/synopsys/synthesis/cur/libraries/syn/standard.sldb'
  Loading link library 'slow'
  Loading link library 'gtech'
Loading sverilog file '/home/MingKe/NTU_CVSD2024/02_SYN/flist.sv'
Detecting input file type automatically (-rtl or -netlist).
Reading with Presto HDL Compiler (equivalent to -rtl option).
Running PRESTO HDLC
Compiling source file /home/MingKe/NTU_CVSD2024/02_SYN/flist.sv
Opening include file ../01_RTL/ed25519.v
Opening include file ../01_RTL/modular_mult.v
Opening include file ../01_RTL/modular_add_sub.v

Statistics for case statements in always block at line 155 in file
	'../01_RTL/ed25519.v'
===============================================
|           Line           |  full/ parallel  |
===============================================
|           156            |    auto/auto     |
===============================================

Statistics for case statements in always block at line 308 in file
	'../01_RTL/ed25519.v'
===============================================
|           Line           |  full/ parallel  |
===============================================
|           311            |    auto/auto     |
===============================================

Statistics for case statements in always block at line 411 in file
	'../01_RTL/ed25519.v'
===============================================
|           Line           |  full/ parallel  |
===============================================
|           412            |    auto/auto     |
===============================================

Statistics for case statements in always block at line 419 in file
	'../01_RTL/ed25519.v'
===============================================
|           Line           |  full/ parallel  |
===============================================
|           421            |    auto/auto     |
===============================================

Statistics for case statements in always block at line 516 in file
	'../01_RTL/ed25519.v'
===============================================
|           Line           |  full/ parallel  |
===============================================
|           520            |    auto/auto     |
===============================================

Statistics for case statements in always block at line 563 in file
	'../01_RTL/ed25519.v'
===============================================
|           Line           |  full/ parallel  |
===============================================
|           565            |    auto/auto     |
===============================================

Statistics for case statements in always block at line 681 in file
	'../01_RTL/ed25519.v'
===============================================
|           Line           |  full/ parallel  |
===============================================
|           682            |    auto/auto     |
===============================================

Statistics for case statements in always block at line 689 in file
	'../01_RTL/ed25519.v'
===============================================
|           Line           |  full/ parallel  |
===============================================
|           691            |    auto/auto     |
===============================================

Statistics for case statements in always block at line 830 in file
	'../01_RTL/ed25519.v'
===============================================
|           Line           |  full/ parallel  |
===============================================
|           834            |    auto/auto     |
===============================================

Statistics for case statements in always block at line 1025 in file
	'../01_RTL/ed25519.v'
===============================================
|           Line           |  full/ parallel  |
===============================================
|           1026           |    auto/auto     |
===============================================

Statistics for case statements in always block at line 1041 in file
	'../01_RTL/ed25519.v'
===============================================
|           Line           |  full/ parallel  |
===============================================
|           1042           |    auto/auto     |
===============================================

Statistics for case statements in always block at line 1061 in file
	'../01_RTL/ed25519.v'
===============================================
|           Line           |  full/ parallel  |
===============================================
|           1067           |    auto/auto     |
===============================================

Statistics for case statements in always block at line 1075 in file
	'../01_RTL/ed25519.v'
===============================================
|           Line           |  full/ parallel  |
===============================================
|           1076           |    auto/auto     |
===============================================

Inferred memory devices in process
	in routine ed25519 line 75 in file
		'../01_RTL/ed25519.v'.
===============================================================================
|    Register Name    |   Type    | Width | Bus | MB | AR | AS | SR | SS | ST |
===============================================================================
|  m_reg_rden_r_reg   | Flip-flop |   1   |  N  | N  | N  | N  | N  | N  | N  |
|    in_data_r_reg    | Flip-flop |  64   |  Y  | N  | N  | N  | N  | N  | N  |
===============================================================================

Inferred memory devices in process
	in routine ed25519 line 155 in file
		'../01_RTL/ed25519.v'.
===============================================================================
|    Register Name    |   Type    | Width | Bus | MB | AR | AS | SR | SS | ST |
===============================================================================
| modmult_i_valid_reg | Flip-flop |   1   |  N  | N  | N  | N  | N  | N  | N  |
|  modadd_a_in_r_reg  | Flip-flop |  255  |  Y  | N  | N  | N  | N  | N  | N  |
|  modadd_b_in_r_reg  | Flip-flop |  255  |  Y  | N  | N  | N  | N  | N  | N  |
| modmult_a_in_r_reg  | Flip-flop |  256  |  Y  | N  | N  | N  | N  | N  | N  |
| modmult_b_in_r_reg  | Flip-flop |  256  |  Y  | N  | N  | N  | N  | N  | N  |
|   modadd_inst_reg   | Flip-flop |   1   |  N  | N  | N  | N  | N  | N  | N  |
| modadd_i_valid_reg  | Flip-flop |   1   |  N  | N  | N  | N  | N  | N  | N  |
===============================================================================

Inferred memory devices in process
	in routine ed25519 line 279 in file
		'../01_RTL/ed25519.v'.
===============================================================================
|    Register Name    |   Type    | Width | Bus | MB | AR | AS | SR | SS | ST |
===============================================================================
|     round_r_reg     | Flip-flop |   8   |  Y  | N  | N  | N  | N  | N  | N  |
===============================================================================

Inferred memory devices in process
	in routine ed25519 line 1025 in file
		'../01_RTL/ed25519.v'.
===============================================================================
|    Register Name    |   Type    | Width | Bus | MB | AR | AS | SR | SS | ST |
===============================================================================
|   data_buf_r_reg    | Flip-flop |  768  |  Y  | N  | N  | N  | N  | N  | N  |
===============================================================================

Inferred memory devices in process
	in routine ed25519 line 1061 in file
		'../01_RTL/ed25519.v'.
===============================================================================
|    Register Name    |   Type    | Width | Bus | MB | AR | AS | SR | SS | ST |
===============================================================================
|  curr_s_state_reg   | Flip-flop |   4   |  Y  | N  | N  | N  | N  | N  | N  |
|   curr_state_reg    | Flip-flop |   4   |  Y  | N  | N  | N  | N  | N  | N  |
===============================================================================

Inferred memory devices in process
	in routine ed25519 line 1075 in file
		'../01_RTL/ed25519.v'.
===============================================================================
|    Register Name    |   Type    | Width | Bus | MB | AR | AS | SR | SS | ST |
===============================================================================
|       D_r_reg       | Flip-flop |  256  |  Y  | N  | N  | N  | N  | N  | N  |
|       X_r_reg       | Flip-flop |  256  |  Y  | N  | N  | N  | N  | N  | N  |
|       Y_r_reg       | Flip-flop |  256  |  Y  | N  | N  | N  | N  | N  | N  |
|       Z_r_reg       | Flip-flop |  256  |  Y  | N  | N  | N  | N  | N  | N  |
|       A_r_reg       | Flip-flop |  256  |  Y  | N  | N  | N  | N  | N  | N  |
|       B_r_reg       | Flip-flop |  256  |  Y  | N  | N  | N  | N  | N  | N  |
|       C_r_reg       | Flip-flop |  256  |  Y  | N  | N  | N  | N  | N  | N  |
===============================================================================

Inferred memory devices in process
	in routine ed25519 line 1182 in file
		'../01_RTL/ed25519.v'.
===============================================================================
|    Register Name    |   Type    | Width | Bus | MB | AR | AS | SR | SS | ST |
===============================================================================
|   generic_cnt_reg   | Flip-flop |   4   |  Y  | N  | N  | N  | N  | N  | N  |
===============================================================================

Statistics for case statements in always block at line 47 in file
	'../01_RTL/modular_mult.v'
===============================================
|           Line           |  full/ parallel  |
===============================================
|            48            |    auto/auto     |
===============================================

Statistics for case statements in always block at line 72 in file
	'../01_RTL/modular_mult.v'
===============================================
|           Line           |  full/ parallel  |
===============================================
|            73            |    auto/auto     |
===============================================

Statistics for case statements in always block at line 102 in file
	'../01_RTL/modular_mult.v'
===============================================
|           Line           |  full/ parallel  |
===============================================
|           103            |    auto/auto     |
===============================================

Statistics for case statements in always block at line 112 in file
	'../01_RTL/modular_mult.v'
===============================================
|           Line           |  full/ parallel  |
===============================================
|           113            |    auto/auto     |
===============================================

Inferred memory devices in process
	in routine modular_mult line 112 in file
		'../01_RTL/modular_mult.v'.
===============================================================================
|    Register Name    |   Type    | Width | Bus | MB | AR | AS | SR | SS | ST |
===============================================================================
|       sum_reg       | Flip-flop |  385  |  Y  | N  | N  | N  | N  | N  | N  |
===============================================================================

Inferred memory devices in process
	in routine modular_mult line 127 in file
		'../01_RTL/modular_mult.v'.
===============================================================================
|    Register Name    |   Type    | Width | Bus | MB | AR | AS | SR | SS | ST |
===============================================================================
|   curr_state_reg    | Flip-flop |   3   |  Y  | N  | N  | N  | N  | N  | N  |
===============================================================================

Inferred memory devices in process
	in routine modular_mult line 135 in file
		'../01_RTL/modular_mult.v'.
===============================================================================
|    Register Name    |   Type    | Width | Bus | MB | AR | AS | SR | SS | ST |
===============================================================================
|    res_out_r_reg    | Flip-flop |  256  |  Y  | N  | N  | N  | N  | N  | N  |
===============================================================================

Statistics for case statements in always block at line 43 in file
	'../01_RTL/modular_add_sub.v'
===============================================
|           Line           |  full/ parallel  |
===============================================
|            44            |    auto/auto     |
===============================================

Inferred memory devices in process
	in routine modular_add_sub line 63 in file
		'../01_RTL/modular_add_sub.v'.
===============================================================================
|    Register Name    |   Type    | Width | Bus | MB | AR | AS | SR | SS | ST |
===============================================================================
|      state_reg      | Flip-flop |   3   |  Y  | N  | N  | N  | N  | N  | N  |
|       a_r_reg       | Flip-flop |  255  |  Y  | N  | N  | N  | N  | N  | N  |
|       b_r_reg       | Flip-flop |  255  |  Y  | N  | N  | N  | N  | N  | N  |
===============================================================================

Inferred memory devices in process
	in routine modular_add_sub line 72 in file
		'../01_RTL/modular_add_sub.v'.
===============================================================================
|    Register Name    |   Type    | Width | Bus | MB | AR | AS | SR | SS | ST |
===============================================================================
|        C_reg        | Flip-flop |  256  |  Y  | N  | N  | N  | N  | N  | N  |
===============================================================================
Presto compilation completed successfully.
Current design is now '/home/MingKe/NTU_CVSD2024/02_SYN/ed25519.db:ed25519'
Loaded 6 designs.
Current design is 'ed25519'.
ed25519 modular_mult multiplier_64x64 multiplier_128x128 multiplier_256x256 modular_add_sub
current_design [get_designs $DESIGN]
Current design is 'ed25519'.
{ed25519}
link

  Linking design 'ed25519'
  Using the following designs and libraries:
  --------------------------------------------------------------------------
  * (6 designs)               /home/MingKe/NTU_CVSD2024/02_SYN/ed25519.db, etc
  slow (library)              /home/MingKe/CBDK_IC_Contest_v2.1/SynopsysDC/db/slow.db
  dw_foundation.sldb (library) /usr/cad/synopsys/synthesis/cur/libraries/syn/dw_foundation.sldb

1
source -echo -verbose ./ed25519_dc.sdc
# operating conditions and boundary conditions #
set cycle  5.1        ;#clock period defined by designer
5.1
create_clock -period $cycle [get_ports  i_clk]
1
set_dont_touch_network      [get_clocks i_clk]
1
set_fix_hold                [get_clocks i_clk]
1
set_ideal_network           [get_ports i_clk]
1
set_clock_uncertainty  0.2 [get_clocks i_clk]
1
set_clock_latency      0.5  [get_clocks i_clk]
1
set_input_delay  1      -clock i_clk [remove_from_collection [all_inputs] [get_ports i_clk]]
1
set_output_delay 1      -clock i_clk [all_outputs] 
1
set_load         1     [all_outputs]
1
set_drive        1     [all_inputs]
1
set_operating_conditions  -max_library slow -max slow               
Using operating conditions 'slow' found in library 'slow'.
1
set_max_fanout 20 [all_inputs]
1
1
# Compile Design
current_design [get_designs ${DESIGN}]
Current design is 'ed25519'.
{ed25519}
check_design > Report/check_design.txt
check_timing > Report/check_timing.txt
set high_fanout_net_threshold 0
0
uniquify
1
set_fix_multiple_port_nets -all -buffer_constants [get_designs *]
1
set_host_options -max_cores 16
1
set_leakage_optimization  false
0
#set_clock_gating_style -max_fanout 4
compile_ultra    -retime
Information: compile_ultra automatically performs leakage power optimization. It no longer needs to be enabled, and it cannot be disabled within compile_ultra. (PWR-884)
Information: Performing power optimization. (PWR-850)
Alib files are up-to-date.
Information: Running optimization using a maximum of 16 cores. (OPT-1500)
Information: Evaluating DesignWare library utilization. (UISN-27)

============================================================================
| DesignWare Building Block Library  |         Version         | Available |
============================================================================
| Basic DW Building Blocks           | S-2021.06-DWBB_202106.2 |     *     |
| Licensed DW Building Blocks        | S-2021.06-DWBB_202106.2 |     *     |
============================================================================

Information: Sequential output inversion is enabled.  SVF file must be used for formal verification. (OPT-1208)
Information: Retiming is enabled. SVF file must be used for formal verification. (OPT-1210)

Information: There are 4 potential problems in your design. Please run 'check_design' for more information. (LINT-99)

  Simplifying Design 'ed25519'

Loaded alib file './alib-52/slow.db.alib'
  Building model 'DW01_NAND2'
Information: Ungrouping 0 of 4 hierarchies before Pass 1 (OPT-775)
Information: State dependent leakage is now switched from on to off.

  Beginning Pass 1 Mapping
  ------------------------
......
  Processing 'ed25519'
Information: Added key list 'DesignWare' to design 'ed25519'. (DDB-72)
 Implement Synthetic for 'ed25519'.
  Processing 'modular_mult'
 Implement Synthetic for 'modular_mult'.
  Processing 'modular_add_sub'
 Implement Synthetic for 'modular_add_sub'.
  Processing 'multiplier_128x128'
 Implement Synthetic for 'multiplier_128x128'.

  Updating timing information
Information: Updating design information... (UID-85)
Information: The library cell 'HOLDX1' in the library 'slow' is not characterized for internal power. (PWR-536)
Information: The target library(s) contains cell(s), other than black boxes, that are not characterized for internal power. (PWR-24)

  Beginning Mapping Optimizations  (Ultra High effort)
  -------------------------------
.
Information: Ungrouping hierarchy modular_add_sub_inst 'modular_add_sub' #insts = 1815. (OPT-777)
Information: Ungrouping hierarchy modular_mult_inst 'modular_mult' #insts = 2205. (OPT-777)
Information: Ungrouping hierarchy modular_mult_inst/multiplier_128x128_inst 'multiplier_128x128' #insts = 0. (OPT-777)
  Mapping Optimization (Phase 1)
  Mapping Optimization (Phase 2)
  Mapping Optimization (Phase 3)
  Mapping Optimization (Phase 4)

                                  TOTAL                                                            
   ELAPSED            WORST NEG   SETUP    DESIGN                              LEAKAGE   MIN DELAY 
    TIME      AREA      SLACK     COST    RULE COST         ENDPOINT            POWER      COST    
  --------- --------- --------- --------- --------- ------------------------- --------- -----------
    0:07:11 2158473.2      0.58    1110.9   52229.5                           2376259584.0000      0.00  
    0:07:16 2156387.1      0.92    1208.0   52219.0                           2374360064.0000      0.00  

  Beginning Constant Register Removal
  -----------------------------------
    0:07:27 2169998.6      0.81    1233.1   47855.0                           2392413696.0000      0.00  
    0:07:30 2169998.6      0.81    1233.1   47855.0                           2392413696.0000      0.00  

  Beginning Global Optimizations
  ------------------------------
  Numerical Synthesis (Phase 1)
  Numerical Synthesis (Phase 2)
  Global Optimization (Phase 1)
  Global Optimization (Phase 2)
  Global Optimization (Phase 3)
  Global Optimization (Phase 4)
  Global Optimization (Phase 5)
  Global Optimization (Phase 6)
  Global Optimization (Phase 7)
  Global Optimization (Phase 8)
  Global Optimization (Phase 9)
  Global Optimization (Phase 10)
  Global Optimization (Phase 11)
  Global Optimization (Phase 12)
  Global Optimization (Phase 13)
  Global Optimization (Phase 14)
  Global Optimization (Phase 15)
  Global Optimization (Phase 16)
  Global Optimization (Phase 17)
  Global Optimization (Phase 18)
  Global Optimization (Phase 19)
  Global Optimization (Phase 20)
  Global Optimization (Phase 21)
  Global Optimization (Phase 22)
  Global Optimization (Phase 23)
  Global Optimization (Phase 24)
  Global Optimization (Phase 25)
  Global Optimization (Phase 26)
  Global Optimization (Phase 27)
  Global Optimization (Phase 28)
  Global Optimization (Phase 29)
  Global Optimization (Phase 30)
  Global Optimization (Phase 31)

  Beginning Isolate Ports
  -----------------------

  Beginning Delay Optimization
  ----------------------------
    0:08:19 1019826.8      1.70    1007.6   61025.9                           909571648.0000      0.00  
    0:08:49 1029442.6      1.01     698.0   61025.9                           923037888.0000      0.00  
    0:08:49 1029442.6      1.01     698.0   61025.9                           923037888.0000      0.00  
    0:08:50 1028953.7      1.01     702.2   61025.9                           922261184.0000      0.00  
Information: The register 'A_r_reg[255]' is a constant and will be removed. (OPT-1206)
Information: The register 'B_r_reg[255]' is a constant and will be removed. (OPT-1206)
Information: The register 'Z_r_reg[255]' is a constant and will be removed. (OPT-1206)
Information: The register 'Y_r_reg[255]' is a constant and will be removed. (OPT-1206)
Information: The register 'X_r_reg[255]' is a constant and will be removed. (OPT-1206)
    0:09:05 1019497.5      1.01     699.6   61025.9                           912952256.0000      0.00  
    0:09:11 1018390.8      1.01     700.0   61025.9                           912514816.0000      0.00  

  Beginning WLM Backend Optimization
  --------------------------------------
    0:09:34 1017567.5      1.01     699.2   61022.8                           909948288.0000      0.00  
    0:09:36 1015187.8      1.01     700.4   61022.8                           906104320.0000      0.00  
    0:09:42 1009798.5      1.01     692.7   61022.8                           899721280.0000      0.00  
    0:09:47 1002715.3      1.01     712.3   61022.8                           891773952.0000      0.00  
    0:09:49 1001087.5      1.00     707.5   61022.8                           890625088.0000      0.00  
    0:09:54 1000727.6      0.99     679.1   61022.8                           890049344.0000      0.00  
    0:09:54 1000727.6      0.99     679.1   61022.8                           890049344.0000      0.00  
    0:10:01 1000065.7      0.99     648.8   61019.0                           881302912.0000      0.00  
    0:10:01 1000065.7      0.99     648.8   61019.0                           881302912.0000      0.00  
    0:10:16 1024472.6      0.97     657.8   61019.0                           910685824.0000      0.00  
    0:10:16 1024472.6      0.97     657.8   61019.0                           910685824.0000      0.00  
    0:10:40 1041565.4      0.77     515.4   61019.0                           934242368.0000      0.00  
    0:10:40 1041565.4      0.77     515.4   61019.0                           934242368.0000      0.00  
    0:10:59 1068700.0      0.76     491.9   61019.0                           966455296.0000      0.00  
    0:10:59 1068700.0      0.76     491.9   61019.0                           966455296.0000      0.00  
    0:13:18 1159161.3      0.16      53.9   61047.1                           1078302976.0000      0.00  
    0:13:18 1159161.3      0.16      53.9   61047.1                           1078302976.0000      0.00  
    0:13:37 1177238.6      0.21      77.1   61047.1                           1100422912.0000      0.00  
    0:13:37 1177238.6      0.21      77.1   61047.1                           1100422912.0000      0.00  
    0:14:33 1220613.9      0.00       0.0   61057.7                           1155642240.0000      0.00  
    0:14:33 1220613.9      0.00       0.0   61057.7                           1155642240.0000      0.00  
    0:14:33 1220613.9      0.00       0.0   61057.7                           1155642240.0000      0.00  
    0:14:33 1220613.9      0.00       0.0   61057.7                           1155642240.0000      0.00  
    0:14:33 1220613.9      0.00       0.0   61057.7                           1155642240.0000      0.00  
    0:14:33 1220613.9      0.00       0.0   61057.7                           1155642240.0000      0.00  
    0:14:33 1220613.9      0.00       0.0   61057.7                           1155642240.0000      0.00  


  Beginning Design Rule Fixing  (max_transition)  (max_capacitance)
  ----------------------------

                                  TOTAL                                                            
   ELAPSED            WORST NEG   SETUP    DESIGN                              LEAKAGE   MIN DELAY 
    TIME      AREA      SLACK     COST    RULE COST         ENDPOINT            POWER      COST    
  --------- --------- --------- --------- --------- ------------------------- --------- -----------
    0:14:33 1220613.9      0.00       0.0   61057.7                           1155642240.0000      0.00  
  Global Optimization (Phase 32)
  Global Optimization (Phase 33)
  Global Optimization (Phase 34)
    0:14:35 1221545.8      0.00       0.0       0.0                           1156301696.0000      0.00  
    0:14:35 1221545.8      0.00       0.0       0.0                           1156301696.0000      0.00  


  Beginning Leakage Power Optimization  (max_leakage_power 0)
  ------------------------------------

                                  TOTAL                                                            
   ELAPSED            WORST NEG   SETUP    DESIGN                              LEAKAGE   MIN DELAY 
    TIME      AREA      SLACK     COST    RULE COST         ENDPOINT            POWER      COST    
  --------- --------- --------- --------- --------- ------------------------- --------- -----------
    0:14:35 1221545.8      0.00       0.0       0.0                           1156301696.0000      0.00  
  Global Optimization (Phase 35)
  Global Optimization (Phase 36)
  Global Optimization (Phase 37)
  Global Optimization (Phase 38)
  Global Optimization (Phase 39)
  Global Optimization (Phase 40)
  Global Optimization (Phase 41)
  Global Optimization (Phase 42)
  Global Optimization (Phase 43)
  Global Optimization (Phase 44)
  Global Optimization (Phase 45)
  Global Optimization (Phase 46)
  Global Optimization (Phase 47)
  Global Optimization (Phase 48)
  Global Optimization (Phase 49)
  Global Optimization (Phase 50)
    0:15:16 1150572.4      0.24     243.5    1750.6                           1070324672.0000      0.00  
    0:15:35 1168121.8      0.23     183.8    1762.7                           1089504128.0000      0.00  
    0:15:35 1168121.8      0.23     183.8    1762.7                           1089504128.0000      0.00  
    0:15:51 1120129.5      0.19      58.4    1750.6                           1028819968.0000      0.00  
    0:15:52 1120129.5      0.19      58.4    1750.6                           1028819968.0000      0.00  
    0:16:11 1140902.3      0.17      47.6    1762.8                           1052006144.0000      0.00  
    0:16:11 1140902.3      0.17      47.6    1762.8                           1052006144.0000      0.00  
    0:16:23 1156968.2      0.05       0.2    1767.4                           1074391680.0000      0.00  
    0:16:23 1156968.2      0.05       0.2    1767.4                           1074391680.0000      0.00  
    0:16:44 1173020.5      0.05       3.2    1767.4                           1092836480.0000      0.00  
    0:16:44 1173020.5      0.05       3.2    1767.4                           1092836480.0000      0.00  
    0:16:48 1173382.1      0.00       0.0    1767.4                           1093150592.0000      0.00  
    0:16:48 1173382.1      0.00       0.0    1767.4                           1093150592.0000      0.00  
    0:16:48 1173382.1      0.00       0.0    1767.4                           1093150592.0000      0.00  
    0:16:49 1173382.1      0.00       0.0    1767.4                           1093150592.0000      0.00  
    0:16:49 1173382.1      0.00       0.0    1767.4                           1093150592.0000      0.00  
    0:16:49 1173382.1      0.00       0.0    1767.4                           1093150592.0000      0.00  
    0:16:49 1173382.1      0.00       0.0    1767.4                           1093150592.0000      0.00  
    0:16:49 1173382.1      0.00       0.0    1767.4                           1093150592.0000      0.00  
    0:16:49 1173382.1      0.00       0.0    1767.4                           1093150592.0000      0.00  
    0:16:49 1173382.1      0.00       0.0    1767.4                           1093150592.0000      0.00  
    0:16:49 1173382.1      0.00       0.0    1767.4                           1093150592.0000      0.00  

                                  TOTAL                                                            
   ELAPSED            WORST NEG   SETUP    DESIGN                              LEAKAGE   MIN DELAY 
    TIME      AREA      SLACK     COST    RULE COST         ENDPOINT            POWER      COST    
  --------- --------- --------- --------- --------- ------------------------- --------- -----------
    0:16:51 1173382.1      0.00       0.0    1767.4                           1093150592.0000      0.00  
    0:17:03 1134722.1      0.00       0.0    1750.9                           1040405248.0000      0.00  
    0:17:03 1134723.8      0.00       0.0    1750.9                           1040406528.0000      0.00  
    0:17:03 1134723.8      0.00       0.0    1750.9                           1040406528.0000      0.00  
    0:17:21 1091762.6      0.01       0.1    1750.9                           989393472.0000      0.00  
    0:17:26 1089096.0      0.01       0.2    1728.6                           986749184.0000      0.00  
    0:17:30 1087060.8      0.01       0.3    1720.8                           984601472.0000      0.00  
    0:17:35 1085280.2      0.01       0.3    1718.1                           982083840.0000      0.00  
    0:17:38 1083005.7      0.01       0.2    1718.1                           978605760.0000      0.00  
    0:17:42 1081191.2      0.00       0.0       0.0                           976296192.0000      0.00  
    0:17:42 1081191.2      0.00       0.0       0.0                           976296192.0000      0.00  
    0:17:42 1081191.2      0.00       0.0       0.0                           976296192.0000      0.00  
    0:17:42 1081191.2      0.00       0.0       0.0                           976296192.0000      0.00  
    0:17:42 1081191.2      0.00       0.0       0.0                           976296192.0000      0.00  
    0:17:42 1081191.2      0.00       0.0       0.0                           976296192.0000      0.00  
    0:18:10 1036558.0      0.00       0.0       4.9                           910759680.0000      0.00  
    0:18:11 1036334.0      0.00       0.0       4.9                           910635200.0000      0.00  
Loading db file '/home/MingKe/CBDK_IC_Contest_v2.1/SynopsysDC/db/slow.db'


Note: Symbol # after min delay cost means estimated hold TNS across all active scenarios 


  Optimization Complete
  ---------------------
Information: State dependent leakage is now switched from off to on.
Information: Propagating switching activity (low effort zero delay simulation). (PWR-6)
1
optimize_netlist  -area 
Information: Performing power optimization. (PWR-850)
Alib files are up-to-date.
Information: Running optimization using a maximum of 16 cores. (OPT-1500)


  Updating timing information
Information: The library cell 'HOLDX1' in the library 'slow' is not characterized for internal power. (PWR-536)
Information: The target library(s) contains cell(s), other than black boxes, that are not characterized for internal power. (PWR-24)


  Beginning Area Optimization
  -----------------------------

                                  TOTAL                                                            
   ELAPSED            WORST NEG   SETUP    DESIGN                              LEAKAGE   MIN DELAY 
    TIME      AREA      SLACK     COST    RULE COST         ENDPOINT            POWER      COST    
  --------- --------- --------- --------- --------- ------------------------- --------- -----------
    0:00:03 1036334.0      0.00       0.0       4.9                           910635200.0000      0.00  
    0:01:49 1015539.1      0.00       0.0       4.9                           886062144.0000      0.00  
    0:02:40 1009111.1      0.00       0.0       4.9                           888007360.0000      0.00  
Loading db file '/home/MingKe/CBDK_IC_Contest_v2.1/SynopsysDC/db/slow.db'


Note: Symbol # after min delay cost means estimated hold TNS across all active scenarios 


  Optimization Complete
  ---------------------
1
# Report Output
current_design [get_designs ${DESIGN}]
Current design is 'ed25519'.
{ed25519}
report_timing > "./Report/${DESIGN}_syn.timing"
report_timing -delay min -max_paths 10 > "./Report/${DESIGN}_syn.timing_min" 
report_timing -delay max -max_paths 10 > "./Report/${DESIGN}_syn.timing_max"
report_area -hierarchy > "./Report/${DESIGN}_syn.area"
report_clock_gating >    "./Report/${DESIGN}_syn.cg"
# Output Design
current_design [get_designs ${DESIGN}]
Current design is 'ed25519'.
{ed25519}
set bus_inference_style {%s[%d]}
%s[%d]
set bus_naming_style {%s[%d]}
%s[%d]
set hdlout_internal_busses true
true
change_names -hierarchy -rule verilog
1
define_name_rules name_rule -allowed {a-z A-Z 0-9 _} -max_length 255 -type cell
1
define_name_rules name_rule -allowed {a-z A-Z 0-9 _[]} -max_length 255 -type net
1
define_name_rules name_rule -map {{"\\*cell\\*" "cell"}}
1
define_name_rules name_rule -case_insensitive
1
change_names -hierarchy -rules name_rule
1
remove_unconnected_ports -blast_buses [get_cells -hierarchical *]
1
set verilogout_higher_designs_first true
true
write -format ddc     -hierarchy -output "./Netlist/${DESIGN}_syn.ddc"
Writing ddc file './Netlist/ed25519_syn.ddc'.
1
write -format verilog -hierarchy -output "./Netlist/${DESIGN}_syn.v"
Writing verilog file '/home/MingKe/NTU_CVSD2024/02_SYN/Netlist/ed25519_syn.v'.
1
write_sdf -version 2.1  -context verilog -load_delay cell ./Netlist/${DESIGN}_syn.sdf
Information: Writing timing information to file '/home/MingKe/NTU_CVSD2024/02_SYN/Netlist/ed25519_syn.sdf'. (WT-3)
1
write_sdc  ./Netlist/${DESIGN}_syn.sdc -version 1.8
1
exit

Memory usage for this session 675 Mbytes.
Memory usage for this session including child processes 1162 Mbytes.
CPU usage for this session 14087 seconds ( 3.91 hours ).
Elapsed time for this session 1295 seconds ( 0.36 hours ).

Thank you...
